yarn install v1.22.22
[1/4] Resolving packages...
[2/4] Fetching packages...
[3/4] Linking dependencies...
warning Workspaces can only be enabled in private projects.
warning Workspaces can only be enabled in private projects.
[4/4] Building fresh packages...
Done in 10.36s.
yarn workspace v1.22.22
yarn run v1.22.22
$ tsc -p tsconfig.json
Done in 1.77s.
Done in 1.99s.
yarn workspace v1.22.22
yarn run v1.22.22
$ tsc -p tsconfig.json
Done in 2.35s.
Done in 2.56s.
yarn workspace v1.22.22
yarn run v1.22.22
$ yarn build:domain && nest build
$ yarn workspace @deadlock-live-probe/build-domain build
$ tsc -p tsconfig.json
Done in 12.17s.
Done in 12.38s.
yarn workspace v1.22.22
yarn run v1.22.22
$ yarn build:domain && jest --runInBand --runInBand recommendation-decision-dataset-v5.spec.ts match-timeline-collector.spec.ts
$ yarn workspace @deadlock-live-probe/build-domain build
$ tsc -p tsconfig.json
[32m[Nest] 2313  - [39m07/25/2026, 9:08:33 PM [32m    LOG[39m [38;5;3m[RecommendationDecisionDatasetV5Service] [39m[32mRecommendation Dataset V5 completed with 2 rows.[39m
PASS test/recommendation-decision-dataset-v5.spec.ts
[32m[Nest] 2313  - [39m07/25/2026, 9:08:33 PM [32m    LOG[39m [38;5;3m[RecommendationDecisionDatasetV5Service] [39m[32mRecommendation Dataset V5 completed with 1 rows.[39m
[32m[Nest] 2313  - [39m07/25/2026, 9:08:33 PM [32m    LOG[39m [38;5;3m[RecommendationDecisionDatasetV5Service] [39m[32mRecommendation Dataset V5 completed with 2 rows.[39m
PASS test/match-timeline-collector.spec.ts

Test Suites: 2 passed, 2 total
Tests:       6 passed, 6 total
Snapshots:   0 total
Time:        5.392 s
Ran all test suites matching recommendation-decision-dataset-v5.spec.ts|match-timeline-collector.spec.ts.
Done in 8.94s.
Done in 9.15s.
